// Jest Snapshot v1, https://goo.gl/fbAQLP

exports[`Bandwidth Status Card should match snapshot 1`] = `
<Card
  tag="div"
>
  <CardHeader
    tag="div"
  >
    Bandwidth 
    <button
      className="btn btn-white float-right"
      onClick={[Function]}
    >
      Modify
    </button>
  </CardHeader>
  <CardBody
    tag="div"
  >
    <p>
      <span
        className="card-subtitle"
      >
        Current Max speed: 
          
      </span>
      <span
        className="card-text"
      >
        Unlimited
      </span>
    </p>
    <Form
      className="d-none"
      onSubmit={[Function]}
      tag="form"
    >
      <FormGroup
        row={true}
        tag="div"
      >
        <Label
          for="bandwidthValue"
          sm={5}
          tag="label"
          widths={
            Array [
              "xs",
              "sm",
              "md",
              "lg",
              "xl",
            ]
          }
        >
          Enter new max speed (upload:download)
        </Label>
        <Col
          sm={7}
          tag="div"
          widths={
            Array [
              "xs",
              "sm",
              "md",
              "lg",
              "xl",
            ]
          }
        >
          <Input
            id="bandwidthValue"
            invalid={false}
            onChange={[Function]}
            type="text"
            valid={true}
            value=""
          />
          <FormFeedback
            tag="div"
            valid={true}
          >
            Keep empty to reset.
          </FormFeedback>
          <FormFeedback
            tag="div"
          >
            The bandwidth should be of the form 1M|2M|1G|1K|1.1K etc. Can also be specified as (upload:download)
          </FormFeedback>
        </Col>
      </FormGroup>
      <Button
        className="float-right"
        color="success"
        tag="button"
        type="submit"
      >
        Set
      </Button>
    </Form>
  </CardBody>
</Card>
`;
