// Jest Snapshot v1, https://goo.gl/fbAQLP

exports[`New Drive Auth Modal renders should match snapshot 1`] = `
<Portal
  node={
    <div
      style="position: relative; z-index: 1050; display: block;"
      tabindex="-1"
    />
  }
>
  <div
    className=""
  >
    <Fade
      appear={true}
      baseClass="fade"
      baseClassActive="show"
      className="modal"
      enter={true}
      exit={true}
      in={true}
      mountOnEnter={false}
      onClick={[Function]}
      onEnter={[Function]}
      onEntered={[Function]}
      onEntering={[Function]}
      onExit={[Function]}
      onExited={[Function]}
      onExiting={[Function]}
      onKeyDown={[Function]}
      onKeyUp={[Function]}
      onMouseDown={[Function]}
      role="dialog"
      style={
        Object {
          "display": "block",
        }
      }
      tabIndex="-1"
      tag="div"
      timeout={300}
      unmountOnExit={false}
    >
      <div
        className="modal-dialog"
        role="document"
      >
        <div
          className="modal-content"
        >
          <ModalHeader
            charCode={215}
            closeAriaLabel="Close"
            data-test="modalHeader"
            tag="h5"
            toggle={[Function]}
            wrapTag="div"
          >
            Configuring your drive.
          </ModalHeader>
          <ModalBody
            data-test="modalBody"
            tag="div"
          >
            A page will open for you with the authentication for your drive. This modal will automatically dismiss upon successful creation
          </ModalBody>
          <ModalFooter
            data-test="modalFooter"
            tag="div"
          >
            <Button
              color="primary"
              onClick={[Function]}
              tag="button"
            >
              Done
            </Button>
             
          </ModalFooter>
        </div>
      </div>
    </Fade>
    <Fade
      appear={true}
      baseClass="fade"
      baseClassActive="show"
      className="modal-backdrop"
      enter={true}
      exit={true}
      in={true}
      mountOnEnter={true}
      onEnter={[Function]}
      onEntered={[Function]}
      onEntering={[Function]}
      onExit={[Function]}
      onExited={[Function]}
      onExiting={[Function]}
      tag="div"
      timeout={150}
      unmountOnExit={false}
    />
  </div>
</Portal>
`;
