// Jest Snapshot v1, https://goo.gl/fbAQLP

exports[`Video Player Widget renders should match snapshot 1`] = `
<ContextProvider
  value={null}
>
  <VideoPlayer
    MimeType=""
    loadedTestPlugins={Object {}}
    playbackURL=""
    store={
      Object {
        "dispatch": [Function],
        "getState": [Function],
        "replaceReducer": [Function],
        "subscribe": [Function],
        Symbol(observable): [Function],
      }
    }
  />
</ContextProvider>
`;
