// Jest Snapshot v1, https://goo.gl/fbAQLP

exports[`Running Jobs renders should match snapshot 1`] = `
<Row
  tag="div"
  widths={
    Array [
      "xs",
      "sm",
      "md",
      "lg",
      "xl",
    ]
  }
>
  <Col
    lg={4}
    sm={12}
    tag="div"
    widths={
      Array [
        "xs",
        "sm",
        "md",
        "lg",
        "xl",
      ]
    }
  >
    <GlobalStatus
      stats={
        Object {
          "transferring": Object {},
        }
      }
    />
  </Col>
  <Col
    lg={4}
    sm={12}
    tag="div"
    widths={
      Array [
        "xs",
        "sm",
        "md",
        "lg",
        "xl",
      ]
    }
  >
    <Card
      tag="div"
    >
      <CardHeader
        tag="div"
      >
        Speed
      </CardHeader>
      <CardBody
        tag="div"
      >
        <div
          className="chart-wrapper"
        >
          <Line
            data={Object {}}
            options={
              Object {
                "maintainAspectRatio": false,
                "scales": Object {
                  "xAxes": Array [
                    Object {
                      "ticks": Object {
                        "display": false,
                      },
                    },
                  ],
                  "yAxes": Array [
                    Object {
                      "ticks": Object {
                        "beginAtZero": true,
                      },
                    },
                  ],
                },
                "tooltips": Object {
                  "custom": [Function],
                  "enabled": false,
                },
              }
            }
          />
        </div>
      </CardBody>
    </Card>
  </Col>
  <Col
    lg={4}
    sm={12}
    tag="div"
    widths={
      Array [
        "xs",
        "sm",
        "md",
        "lg",
        "xl",
      ]
    }
  >
    <TransferringJobs
      transferring={Object {}}
    />
  </Col>
</Row>
`;
