// Jest Snapshot v1, https://goo.gl/fbAQLP

exports[`Show Config renders should match snapshot 1`] = `
<div
  data-test="showConfigComponent"
>
  <Row
    tag="div"
    widths={
      Array [
        "xs",
        "sm",
        "md",
        "lg",
        "xl",
      ]
    }
  >
    <Col
      className="mb-4"
      lg={8}
      tag="div"
      widths={
        Array [
          "xs",
          "sm",
          "md",
          "lg",
          "xl",
        ]
      }
    >
      <Button
        className="float-left"
        color="primary"
        onClick={[Function]}
        tag="button"
      >
        Create a New Config
      </Button>
    </Col>
    <Col
      lg={4}
      tag="div"
      widths={
        Array [
          "xs",
          "sm",
          "md",
          "lg",
          "xl",
        ]
      }
    />
  </Row>
  <Table
    className="table-striped"
    responsive={true}
    responsiveTag="div"
    tag="table"
  >
    <thead>
      <tr>
        <th>
          No.
        </th>
        <th>
          Name
        </th>
        <th>
          Type
        </th>
        <th>
          Actions
        </th>
      </tr>
    </thead>
    <tbody>
      <RemoteRows
        refreshHandle={[Function]}
        remotes={
          Object {
            "local": Object {
              "type": "local",
            },
            "mydrive": Object {
              "token": "",
              "type": "drive",
            },
          }
        }
      />
    </tbody>
  </Table>
</div>
`;
