// Jest Snapshot v1, https://goo.gl/fbAQLP

exports[`Remote Explorer renders should match snapshot 1`] = `
<ErrorBoundary>
  <Card
    tag="div"
  >
    <CardHeader
      tag="div"
    >
      Remotes
    </CardHeader>
    <CardBody
      tag="div"
    >
      <Connect(RemotesList)
        containerID="0"
        remoteName="local"
      />
    </CardBody>
  </Card>
  <Card
    tag="div"
  >
    <CardHeader
      tag="div"
    >
      <Connect(FileOperations)
        containerID="0"
      />
    </CardHeader>
    <CardBody
      tag="div"
    >
      <Connect(DropTarget(FilesView))
        containerID="0"
      />
    </CardBody>
  </Card>
</ErrorBoundary>
`;
