// Jest Snapshot v1, https://goo.gl/fbAQLP

exports[`Remote Explorer renders should match snapshot 1`] = `
<ErrorBoundary>
  <Card
    tag="div"
  >
    <CardHeader
      tag="div"
    >
      Remotes
    </CardHeader>
    <CardBody
      tag="div"
    >
      <Container
        fluid={true}
        tag="div"
      >
        <Connect(RemotesList)
          containerID="0"
          remoteName="local"
        />
        <Connect(FileOperations)
          containerID="0"
        />
        <Connect(DropTarget(FilesView))
          containerID="0"
        />
      </Container>
    </CardBody>
  </Card>
</ErrorBoundary>
`;
