// Jest Snapshot v1, https://goo.gl/fbAQLP

exports[`Backend Status Card renders showChangeBandwidth: false should match snapshot 1`] = `
<Card
  className="text-center card-accent-warning"
  tag="div"
>
  <CardHeader
    tag="div"
  >
    rclone status
  </CardHeader>
  <CardBody
    tag="div"
  >
    <StatusText
      checkStatus={true}
      connectivityStatus={false}
      ipAddress={null}
      userName={null}
    />
  </CardBody>
</Card>
`;

exports[`Backend Status Card renders showChangeBandwidth: true should match snapshot 1`] = `
<Card
  className="text-center card-accent-warning"
  tag="div"
>
  <CardHeader
    tag="div"
  >
    rclone status
  </CardHeader>
  <CardBody
    tag="div"
  >
    <StatusText
      checkStatus={true}
      connectivityStatus={false}
      ipAddress={null}
      userName={null}
    />
  </CardBody>
</Card>
`;
